// Jest Snapshot v1, https://goo.gl/fbAQLP

exports[`Toolbar component Toolbar component matches snapshot 1`] = `
<DocumentFragment>
  <div
    data-testid="toolbar-component"
  >
    <h1
      class="page-title"
    >
      User Roster
    </h1>
    <div
      class="toolbar"
    >
      <button
        class="add-user-btn"
      >
        Add New User
      </button>
      <div
        class="sort-container"
      >
        <h3
          class="toolbar-title"
        >
          Sort By: 
        </h3>
        <button
          class="sort-button"
        >
          Date of Birth (Ascending)
        </button>
        <h3
          class="toolbar-title"
        >
          Filter By: 
        </h3>
        <button
          class="sort-button"
        >
          All Users
        </button>
      </div>
    </div>
  </div>
</DocumentFragment>
`;
